✖ model override precedes config/cache and invalid explicit override never falls back (2.495417ms)
ℹ tests 1
ℹ suites 0
ℹ pass 0
ℹ fail 1
ℹ cancelled 0
ℹ skipped 0
ℹ todo 0
ℹ duration_ms 34.787

✖ failing tests:

test at voice/setup.test.mjs:66:1
✖ model override precedes config/cache and invalid explicit override never falls back (2.495417ms)
  AssertionError [ERR_ASSERTION]: Expected values to be strictly equal:
  + actual - expected
  
  + '/var/folders/sk/r2ns7lvn2ygcsj7bhd0mvnyw0000gn/T/tinkery-TEST-owned-JHDAZa/.cache/huggingface/hub/models--handy-computer--parakeet-unified-en-0.6b-gguf/snapshots/configured.gguf'
  - '/var/folders/sk/r2ns7lvn2ygcsj7bhd0mvnyw0000gn/T/tinkery-TEST-owned-JHDAZa/.cache/huggingface/hub/models--handy-computer--parakeet-unified-en-0.6b-gguf/snapshots/override.gguf'
  
      at TestContext.<anonymous> (file:///private/var/folders/sk/r2ns7lvn2ygcsj7bhd0mvnyw0000gn/T/tinkery-TEST-voice-probes-4d4hwwpv/model-override/voice/setup.test.mjs:69:10)
      at async Test.run (node:internal/test_runner/test:1409:7)
      at async startSubtestAfterBootstrap (node:internal/test_runner/harness:387:3) {
    generatedMessage: true,
    code: 'ERR_ASSERTION',
    actual: '/var/folders/sk/r2ns7lvn2ygcsj7bhd0mvnyw0000gn/T/tinkery-TEST-owned-JHDAZa/.cache/huggingface/hub/models--handy-computer--parakeet-unified-en-0.6b-gguf/snapshots/configured.gguf',
    expected: '/var/folders/sk/r2ns7lvn2ygcsj7bhd0mvnyw0000gn/T/tinkery-TEST-owned-JHDAZa/.cache/huggingface/hub/models--handy-computer--parakeet-unified-en-0.6b-gguf/snapshots/override.gguf',
    operator: 'strictEqual',
    diff: 'simple'
  }
