baseline 0
extra-field-veto 101
word-limit-veto 101
count-coupling-veto 101
forced-citations 101
narrative-note-veto 101
source-id-guard 101
exact-quote-guard 101
grapheme-guard 101
scope-id-guard 101
answered-history-guard 101
last-board-retention 101
invent-narrative-citation 101
remove-advice 101
semantic-review-veto 101
absorb-unanswered-addition 101
hide-new-source 101
leak-skipped-addition 101
lose-undone-question 101
default-bar-on 101
discard-without-guard 101
omit-header 101
consume-over-cap-input 101
remove-back 101
hide-rejected-attempt 101
automatic-shaping-retry 101
PASS 25 baseline-verified probes /var/folders/sk/r2ns7lvn2ygcsj7bhd0mvnyw0000gn/T/tinkery-TEST-subtraction-removals-ar98kksx
