
running 1 test
test shaping::brain_dump::c16_tests::beneficiary_and_labelled_lines_preserve_criteria_and_constraints ... FAILED

failures:

---- shaping::brain_dump::c16_tests::beneficiary_and_labelled_lines_preserve_criteria_and_constraints stdout ----

thread 'shaping::brain_dump::c16_tests::beneficiary_and_labelled_lines_preserve_criteria_and_constraints' (62090509) panicked at src/shaping/brain_dump/c16_tests.rs:57:5:
assertion `left == right` failed
  left: "I can understand why they got a question wrong.\nKeep: No gamification; it must work on phones."
 right: "Learners can understand why they got a question wrong.\nKeep: No gamification; it must work on phones."
note: run with `RUST_BACKTRACE=1` environment variable to display a backtrace


failures:
    shaping::brain_dump::c16_tests::beneficiary_and_labelled_lines_preserve_criteria_and_constraints

test result: FAILED. 0 passed; 1 failed; 0 ignored; 0 measured; 121 filtered out; finished in 0.00s

   Compiling tinkery v0.1.0 (/private/var/folders/sk/r2ns7lvn2ygcsj7bhd0mvnyw0000gn/T/tinkery-TEST-C16-revised-probes-et9aatrk/repo)
warning: unused variable: `who`
   --> src/shaping/brain_dump/goal.rs:145:22
    |
145 |         if let (Some(who), Some(outcome)) = (clause(Part::Who), clause(Part::Outcome)) {
    |                      ^^^ help: if this is intentional, prefix it with an underscore: `_who`
    |
    = note: `#[warn(unused_variables)]` (part of `#[warn(unused)]`) on by default

warning: `tinkery` (lib test) generated 1 warning (run `cargo fix --lib -p tinkery --tests` to apply 1 suggestion)
    Finished `test` profile [unoptimized + debuginfo] target(s) in 0.65s
     Running unittests src/lib.rs (/var/folders/sk/r2ns7lvn2ygcsj7bhd0mvnyw0000gn/T/tinkery-TEST-C16-revised-probes-et9aatrk/target/debug/deps/tinkery-57634f1bcdbf9627)
error: test failed, to rerun pass `--lib`
