   Compiling proc-macro2 v1.0.107
   Compiling unicode-ident v1.0.26
   Compiling quote v1.0.47
   Compiling libc v0.2.190
   Compiling cfg-if v1.0.5
   Compiling unicode-segmentation v1.13.3
   Compiling rustversion v1.0.23
   Compiling foldhash v0.2.0
   Compiling allocator-api2 v0.2.21
   Compiling bitflags v2.13.2
   Compiling equivalent v1.0.2
   Compiling strsim v0.11.1
   Compiling thiserror v2.0.21
   Compiling ident_case v1.0.1
   Compiling itoa v1.0.18
   Compiling heck v0.5.0
   Compiling either v1.19.0
   Compiling unicode-width v0.2.2
   Compiling signal-hook v0.3.18
   Compiling ryu v1.0.23
   Compiling hashbrown v0.16.1
   Compiling hashbrown v0.17.1
   Compiling parking_lot_core v0.9.12
   Compiling rustix v1.1.5
   Compiling static_assertions v1.1.0
   Compiling itertools v0.14.0
   Compiling convert_case v0.10.0
   Compiling indoc v2.0.7
   Compiling log v0.4.34
   Compiling scopeguard v1.2.0
   Compiling smallvec v1.16.2
   Compiling critical-section v1.2.0
   Compiling lock_api v0.4.14
   Compiling deranged v0.5.8
   Compiling time-core v0.1.9
   Compiling num-conv v0.2.2
   Compiling powerfmt v0.2.1
   Compiling litrs v1.0.0
   Compiling line-clipping v0.3.8
   Compiling lru v0.18.5
   Compiling base64 v0.22.1
   Compiling serde_core v1.0.229
   Compiling getrandom v0.4.3
   Compiling memchr v2.8.3
   Compiling zmij v1.0.23
   Compiling anyhow v1.0.104
   Compiling serde_json v1.0.151
   Compiling regex-syntax v0.8.11
   Compiling serde v1.0.229
   Compiling fastrand v2.5.0
   Compiling once_cell v1.21.4
   Compiling document-features v0.2.12
   Compiling castaway v0.2.4
   Compiling aho-corasick v1.1.5
   Compiling errno v0.3.14
   Compiling mio v1.2.4
   Compiling num_threads v0.1.7
   Compiling syn v3.0.6
   Compiling syn v2.0.119
   Compiling signal-hook-registry v1.4.8
   Compiling compact_str v0.9.1
   Compiling time v0.3.55
   Compiling unicode-truncate v2.0.1
   Compiling parking_lot v0.12.5
   Compiling uuid v1.27.0
   Compiling signal-hook-mio v0.2.5
   Compiling regex-automata v0.4.18
   Compiling tempfile v3.27.0
   Compiling strum_macros v0.28.0
   Compiling derive_more-impl v2.1.1
   Compiling derive_more v2.1.1
   Compiling crossterm v0.29.0
   Compiling darling_core v0.24.1
   Compiling strum v0.28.0
   Compiling thiserror-impl v2.0.21
   Compiling serde_derive v1.0.229
   Compiling regex v1.13.1
   Compiling kasuari v0.4.12
   Compiling darling_macro v0.24.1
   Compiling ratatui-core v0.1.2
   Compiling darling v0.24.1
   Compiling instability v0.3.14
   Compiling ratatui-widgets v0.3.2
   Compiling ratatui-crossterm v0.1.2
   Compiling ratatui-macros v0.7.2
   Compiling ratatui-textarea v0.9.3
   Compiling ratatui v0.30.2
   Compiling pinstar v1.0.0 (/private/var/folders/sk/r2ns7lvn2ygcsj7bhd0mvnyw0000gn/T/tinkery-intact-removals-mokcfaqo/vendor/pinstar)
   Compiling tinkery v0.1.0 (/private/var/folders/sk/r2ns7lvn2ygcsj7bhd0mvnyw0000gn/T/tinkery-intact-removals-mokcfaqo)
    Finished `test` profile [unoptimized + debuginfo] target(s) in 9.14s
     Running unittests src/lib.rs (/Users/jondev/dev/active/tinkery/target/intact-removals/debug/deps/tinkery-23622fe9a6aabf91)

running 16 tests
test shaping::brain_dump::tests::annotations_match_exact_occurrences_and_do_not_cut_unicode_graphemes ... ok
test shaping::brain_dump::tests::bad_span_keeps_the_previous_reading_and_originals_without_fallback ... ok
test shaping::brain_dump::tests::misfits_are_not_forced_into_the_centre_and_long_readings_are_rejected ... ok
test shaping::brain_dump::tests::simulated_is_explicit_and_never_an_automatic_real_failure_fallback ... ok
test shaping::brain_dump::tests::boundary_rejects_unsafe_unsupported_uncertain_and_skipped_guesses ... ok
test shaping::brain_dump::tests::typing_during_request_is_never_replaced_by_the_result ... ok
test shaping::brain_dump::tests::originals_label_exists_once_only_after_source_submit_and_unmarked_words_are_neutral ... ok
test shaping::brain_dump::tests::deliberate_keyboard_extraction_is_exact_linked_and_has_no_provider_side_effect ... ok
test shaping::brain_dump::tests::failure_retry_skip_no_implicit_confirmation_or_new_note_edit_trap ... ok
test shaping::brain_dump::tests::actual_drag_keeps_exact_words_and_layout_on_the_next_submit ... ok
test shaping::brain_dump::tests::details_are_accessible_without_stealing_literal_answer_text_or_focus ... ok
test shaping::brain_dump::tests::clipping_is_visible_and_original_is_one_action_away ... ok
test shaping::brain_dump::tests::annotation_styles_are_on_the_exact_source_cells_not_on_reworded_cards ... ok
test shaping::brain_dump::tests::selective_sparse_reading_highlights_sources_without_renaming_or_recolouring_words ... ok
test shaping::brain_dump::tests::silent_entry_intact_sources_and_deliberate_extractions_survive_answer_and_layout ... ok
test shaping::brain_dump::tests::board_process_uses_only_shaping_guidance_and_disabled_resources ... ok

test result: ok. 16 passed; 0 failed; 0 ignored; 0 measured; 36 filtered out; finished in 0.11s


Traceback (most recent call last):
  File "/tmp/tinkery-intact-removals.py", line 22, in <module>
    extract_guard=cut(original[view],'        if !grapheme_boundary(&text, start)','        text\n            .get(start..end)')
  File "/tmp/tinkery-intact-removals.py", line 20, in cut
    a=s.index(begin);b=s.index(end,a);return s[a:b]
                       ~~~~~~~^^^^^^^
ValueError: substring not found
