   Compiling tinkery v0.1.0 (/private/var/folders/sk/r2ns7lvn2ygcsj7bhd0mvnyw0000gn/T/tinkery-intact-removals-isc1z7e3)
    Finished `test` profile [unoptimized + debuginfo] target(s) in 2.34s
     Running unittests src/lib.rs (/Users/jondev/dev/active/tinkery/target/intact-removals/debug/deps/tinkery-23622fe9a6aabf91)

running 16 tests
test shaping::brain_dump::tests::annotations_match_exact_occurrences_and_do_not_cut_unicode_graphemes ... ok
test shaping::brain_dump::tests::misfits_are_not_forced_into_the_centre_and_long_readings_are_rejected ... ok
test shaping::brain_dump::tests::bad_span_keeps_the_previous_reading_and_originals_without_fallback ... ok
test shaping::brain_dump::tests::boundary_rejects_unsafe_unsupported_uncertain_and_skipped_guesses ... ok
test shaping::brain_dump::tests::simulated_is_explicit_and_never_an_automatic_real_failure_fallback ... ok
test shaping::brain_dump::tests::originals_label_exists_once_only_after_source_submit_and_unmarked_words_are_neutral ... ok
test shaping::brain_dump::tests::typing_during_request_is_never_replaced_by_the_result ... ok
test shaping::brain_dump::tests::deliberate_keyboard_extraction_is_exact_linked_and_has_no_provider_side_effect ... ok
test shaping::brain_dump::tests::actual_drag_keeps_exact_words_and_layout_on_the_next_submit ... ok
test shaping::brain_dump::tests::failure_retry_skip_no_implicit_confirmation_or_new_note_edit_trap ... ok
test shaping::brain_dump::tests::details_are_accessible_without_stealing_literal_answer_text_or_focus ... ok
test shaping::brain_dump::tests::clipping_is_visible_and_original_is_one_action_away ... ok
test shaping::brain_dump::tests::annotation_styles_are_on_the_exact_source_cells_not_on_reworded_cards ... ok
test shaping::brain_dump::tests::board_process_uses_only_shaping_guidance_and_disabled_resources ... ok
test shaping::brain_dump::tests::selective_sparse_reading_highlights_sources_without_renaming_or_recolouring_words ... ok
test shaping::brain_dump::tests::silent_entry_intact_sources_and_deliberate_extractions_survive_answer_and_layout ... ok

test result: ok. 16 passed; 0 failed; 0 ignored; 0 measured; 36 filtered out; finished in 0.10s


   Compiling tinkery v0.1.0 (/private/var/folders/sk/r2ns7lvn2ygcsj7bhd0mvnyw0000gn/T/tinkery-intact-removals-isc1z7e3)
    Finished `test` profile [unoptimized + debuginfo] target(s) in 0.62s
     Running unittests src/lib.rs (/Users/jondev/dev/active/tinkery/target/intact-removals/debug/deps/tinkery-23622fe9a6aabf91)

running 1 test
test shaping::brain_dump::tests::silent_entry_intact_sources_and_deliberate_extractions_survive_answer_and_layout ... FAILED

failures:

---- shaping::brain_dump::tests::silent_entry_intact_sources_and_deliberate_extractions_survive_answer_and_layout stdout ----

thread 'shaping::brain_dump::tests::silent_entry_intact_sources_and_deliberate_extractions_survive_answer_and_layout' (58610579) panicked at src/shaping/brain_dump_tests.rs:123:9:
Sentence punctuation automatically created cards
note: run with `RUST_BACKTRACE=1` environment variable to display a backtrace


failures:
    shaping::brain_dump::tests::silent_entry_intact_sources_and_deliberate_extractions_survive_answer_and_layout

test result: FAILED. 0 passed; 1 failed; 0 ignored; 0 measured; 51 filtered out; finished in 0.01s

error: test failed, to rerun pass `--lib`

PROVEN: automatic-card
   Compiling tinkery v0.1.0 (/private/var/folders/sk/r2ns7lvn2ygcsj7bhd0mvnyw0000gn/T/tinkery-intact-removals-isc1z7e3)
    Finished `test` profile [unoptimized + debuginfo] target(s) in 0.61s
     Running unittests src/lib.rs (/Users/jondev/dev/active/tinkery/target/intact-removals/debug/deps/tinkery-23622fe9a6aabf91)

running 1 test
test shaping::brain_dump::tests::annotations_match_exact_occurrences_and_do_not_cut_unicode_graphemes ... FAILED

failures:

---- shaping::brain_dump::tests::annotations_match_exact_occurrences_and_do_not_cut_unicode_graphemes stdout ----

thread 'shaping::brain_dump::tests::annotations_match_exact_occurrences_and_do_not_cut_unicode_graphemes' (58610924) panicked at src/shaping/brain_dump_tests.rs:576:5:
assertion `left == right` failed
  left: 0
 right: 24
note: run with `RUST_BACKTRACE=1` environment variable to display a backtrace


failures:
    shaping::brain_dump::tests::annotations_match_exact_occurrences_and_do_not_cut_unicode_graphemes

test result: FAILED. 0 passed; 1 failed; 0 ignored; 0 measured; 51 filtered out; finished in 0.00s

error: test failed, to rerun pass `--lib`

PROVEN: wrong-occurrence
   Compiling tinkery v0.1.0 (/private/var/folders/sk/r2ns7lvn2ygcsj7bhd0mvnyw0000gn/T/tinkery-intact-removals-isc1z7e3)
    Finished `test` profile [unoptimized + debuginfo] target(s) in 0.59s
     Running unittests src/lib.rs (/Users/jondev/dev/active/tinkery/target/intact-removals/debug/deps/tinkery-23622fe9a6aabf91)

running 1 test
test shaping::brain_dump::tests::bad_span_keeps_the_previous_reading_and_originals_without_fallback ... FAILED

failures:

---- shaping::brain_dump::tests::bad_span_keeps_the_previous_reading_and_originals_without_fallback stdout ----

thread 'shaping::brain_dump::tests::bad_span_keeps_the_previous_reading_and_originals_without_fallback' (58611261) panicked at src/shaping/brain_dump_tests.rs:743:5:
assertion failed: a.notice.contains("exact source substring")
note: run with `RUST_BACKTRACE=1` environment variable to display a backtrace


failures:
    shaping::brain_dump::tests::bad_span_keeps_the_previous_reading_and_originals_without_fallback

test result: FAILED. 0 passed; 1 failed; 0 ignored; 0 measured; 51 filtered out; finished in 0.01s

error: test failed, to rerun pass `--lib`

PROVEN: unmatched-quote
   Compiling tinkery v0.1.0 (/private/var/folders/sk/r2ns7lvn2ygcsj7bhd0mvnyw0000gn/T/tinkery-intact-removals-isc1z7e3)
    Finished `test` profile [unoptimized + debuginfo] target(s) in 0.68s
     Running unittests src/lib.rs (/Users/jondev/dev/active/tinkery/target/intact-removals/debug/deps/tinkery-23622fe9a6aabf91)

running 1 test
test shaping::brain_dump::tests::annotations_match_exact_occurrences_and_do_not_cut_unicode_graphemes ... FAILED

failures:

---- shaping::brain_dump::tests::annotations_match_exact_occurrences_and_do_not_cut_unicode_graphemes stdout ----

thread 'shaping::brain_dump::tests::annotations_match_exact_occurrences_and_do_not_cut_unicode_graphemes' (58611610) panicked at src/shaping/brain_dump_tests.rs:604:9:
Anchor { source: 1, quote: "👩", occurrence: 0 } was silently normalized/repaired
note: run with `RUST_BACKTRACE=1` environment variable to display a backtrace


failures:
    shaping::brain_dump::tests::annotations_match_exact_occurrences_and_do_not_cut_unicode_graphemes

test result: FAILED. 0 passed; 1 failed; 0 ignored; 0 measured; 51 filtered out; finished in 0.00s

error: test failed, to rerun pass `--lib`

PROVEN: cut-annotation-grapheme
   Compiling tinkery v0.1.0 (/private/var/folders/sk/r2ns7lvn2ygcsj7bhd0mvnyw0000gn/T/tinkery-intact-removals-isc1z7e3)
    Finished `test` profile [unoptimized + debuginfo] target(s) in 0.71s
     Running unittests src/lib.rs (/Users/jondev/dev/active/tinkery/target/intact-removals/debug/deps/tinkery-23622fe9a6aabf91)

running 1 test
test shaping::brain_dump::tests::deliberate_keyboard_extraction_is_exact_linked_and_has_no_provider_side_effect ... FAILED

failures:

---- shaping::brain_dump::tests::deliberate_keyboard_extraction_is_exact_linked_and_has_no_provider_side_effect stdout ----

thread 'shaping::brain_dump::tests::deliberate_keyboard_extraction_is_exact_linked_and_has_no_provider_side_effect' (58611971) panicked at src/shaping/brain_dump_tests.rs:722:5:
Grapheme cut accepted
note: run with `RUST_BACKTRACE=1` environment variable to display a backtrace


failures:
    shaping::brain_dump::tests::deliberate_keyboard_extraction_is_exact_linked_and_has_no_provider_side_effect

test result: FAILED. 0 passed; 1 failed; 0 ignored; 0 measured; 51 filtered out; finished in 0.01s

error: test failed, to rerun pass `--lib`

PROVEN: cut-extraction-grapheme
   Compiling tinkery v0.1.0 (/private/var/folders/sk/r2ns7lvn2ygcsj7bhd0mvnyw0000gn/T/tinkery-intact-removals-isc1z7e3)
    Finished `test` profile [unoptimized + debuginfo] target(s) in 0.66s
     Running unittests src/lib.rs (/Users/jondev/dev/active/tinkery/target/intact-removals/debug/deps/tinkery-23622fe9a6aabf91)

running 1 test
test shaping::brain_dump::tests::annotation_styles_are_on_the_exact_source_cells_not_on_reworded_cards ... FAILED

failures:

---- shaping::brain_dump::tests::annotation_styles_are_on_the_exact_source_cells_not_on_reworded_cards stdout ----

thread 'shaping::brain_dump::tests::annotation_styles_are_on_the_exact_source_cells_not_on_reworded_cards' (58612322) panicked at src/shaping/brain_dump_tests.rs:655:17:
assertion `left == right` failed: wrong supporting cell at 0
  left: true
 right: false
note: run with `RUST_BACKTRACE=1` environment variable to display a backtrace


failures:
    shaping::brain_dump::tests::annotation_styles_are_on_the_exact_source_cells_not_on_reworded_cards

test result: FAILED. 0 passed; 1 failed; 0 ignored; 0 measured; 51 filtered out; finished in 0.01s

error: test failed, to rerun pass `--lib`

PROVEN: all-words-supported
   Compiling tinkery v0.1.0 (/private/var/folders/sk/r2ns7lvn2ygcsj7bhd0mvnyw0000gn/T/tinkery-intact-removals-isc1z7e3)
warning: useless assignment of variable of type `Style` to itself
   --> src/shaping/brain_dump/intact_view.rs:331:13
    |
331 |             style = style;
    |             ^^^^^^^^^^^^^
    |
    = note: `#[warn(dead_code)]` (part of `#[warn(unused)]`) on by default

warning: `tinkery` (lib test) generated 1 warning
    Finished `test` profile [unoptimized + debuginfo] target(s) in 0.64s
     Running unittests src/lib.rs (/Users/jondev/dev/active/tinkery/target/intact-removals/debug/deps/tinkery-23622fe9a6aabf91)

running 1 test
test shaping::brain_dump::tests::annotation_styles_are_on_the_exact_source_cells_not_on_reworded_cards ... FAILED

failures:

---- shaping::brain_dump::tests::annotation_styles_are_on_the_exact_source_cells_not_on_reworded_cards stdout ----

thread 'shaping::brain_dump::tests::annotation_styles_are_on_the_exact_source_cells_not_on_reworded_cards' (58612658) panicked at src/shaping/brain_dump_tests.rs:660:17:
assertion `left == right` failed: wrong unresolved cell at 48
  left: false
 right: true
note: run with `RUST_BACKTRACE=1` environment variable to display a backtrace


failures:
    shaping::brain_dump::tests::annotation_styles_are_on_the_exact_source_cells_not_on_reworded_cards

test result: FAILED. 0 passed; 1 failed; 0 ignored; 0 measured; 51 filtered out; finished in 0.01s

error: test failed, to rerun pass `--lib`

PROVEN: no-unresolved-style
   Compiling tinkery v0.1.0 (/private/var/folders/sk/r2ns7lvn2ygcsj7bhd0mvnyw0000gn/T/tinkery-intact-removals-isc1z7e3)
    Finished `test` profile [unoptimized + debuginfo] target(s) in 0.57s
     Running unittests src/lib.rs (/Users/jondev/dev/active/tinkery/target/intact-removals/debug/deps/tinkery-23622fe9a6aabf91)

running 1 test
test shaping::brain_dump::tests::deliberate_keyboard_extraction_is_exact_linked_and_has_no_provider_side_effect ... FAILED

failures:

---- shaping::brain_dump::tests::deliberate_keyboard_extraction_is_exact_linked_and_has_no_provider_side_effect stdout ----

thread 'shaping::brain_dump::tests::deliberate_keyboard_extraction_is_exact_linked_and_has_no_provider_side_effect' (58613000) panicked at src/shaping/brain_dump_tests.rs:701:5:
assertion failed: !a.running()
note: run with `RUST_BACKTRACE=1` environment variable to display a backtrace


failures:
    shaping::brain_dump::tests::deliberate_keyboard_extraction_is_exact_linked_and_has_no_provider_side_effect

test result: FAILED. 0 passed; 1 failed; 0 ignored; 0 measured; 51 filtered out; finished in 0.01s

error: test failed, to rerun pass `--lib`

PROVEN: extract-calls-provider
   Compiling tinkery v0.1.0 (/private/var/folders/sk/r2ns7lvn2ygcsj7bhd0mvnyw0000gn/T/tinkery-intact-removals-isc1z7e3)
    Finished `test` profile [unoptimized + debuginfo] target(s) in 0.58s
     Running unittests src/lib.rs (/Users/jondev/dev/active/tinkery/target/intact-removals/debug/deps/tinkery-23622fe9a6aabf91)

running 1 test
test shaping::brain_dump::tests::clipping_is_visible_and_original_is_one_action_away ... FAILED

failures:

---- shaping::brain_dump::tests::clipping_is_visible_and_original_is_one_action_away stdout ----

thread 'shaping::brain_dump::tests::clipping_is_visible_and_original_is_one_action_away' (58613365) panicked at src/shaping/brain_dump_tests.rs:499:5:
Source title was replaced with a clipping hint
note: run with `RUST_BACKTRACE=1` environment variable to display a backtrace


failures:
    shaping::brain_dump::tests::clipping_is_visible_and_original_is_one_action_away

test result: FAILED. 0 passed; 1 failed; 0 ignored; 0 measured; 51 filtered out; finished in 0.01s

error: test failed, to rerun pass `--lib`

PROVEN: title-replaced-by-cue
   Compiling tinkery v0.1.0 (/private/var/folders/sk/r2ns7lvn2ygcsj7bhd0mvnyw0000gn/T/tinkery-intact-removals-isc1z7e3)
    Finished `test` profile [unoptimized + debuginfo] target(s) in 0.60s
     Running unittests src/lib.rs (/Users/jondev/dev/active/tinkery/target/intact-removals/debug/deps/tinkery-23622fe9a6aabf91)

running 1 test
test shaping::brain_dump::tests::originals_label_exists_once_only_after_source_submit_and_unmarked_words_are_neutral ... FAILED

failures:

---- shaping::brain_dump::tests::originals_label_exists_once_only_after_source_submit_and_unmarked_words_are_neutral stdout ----

thread 'shaping::brain_dump::tests::originals_label_exists_once_only_after_source_submit_and_unmarked_words_are_neutral' (58613718) panicked at src/shaping/brain_dump_tests.rs:753:5:
assertion failed: !snapshot(80, 24, &mut a, false).unwrap().contains("originals")
note: run with `RUST_BACKTRACE=1` environment variable to display a backtrace


failures:
    shaping::brain_dump::tests::originals_label_exists_once_only_after_source_submit_and_unmarked_words_are_neutral

test result: FAILED. 0 passed; 1 failed; 0 ignored; 0 measured; 51 filtered out; finished in 0.01s

error: test failed, to rerun pass `--lib`

PROVEN: originals-before-source
PASS: baseline plus ten independently removed protections; isolated copy: /var/folders/sk/r2ns7lvn2ygcsj7bhd0mvnyw0000gn/T/tinkery-intact-removals-isc1z7e3
