
running 58 tests
test shaping::brain_dump::board_tests::malformed_json_and_no_readable_core_fail_but_optional_types_do_not ... ok
test shaping::brain_dump::board_tests::omissions_extras_and_narrative_notes_never_fabricate_citations_or_authority ... ok
test shaping::brain_dump::board_tests::normalization_escapes_controls_and_logs_fences_without_changing_originals ... ok
test shaping::brain_dump::board_tests::claimed_citations_remain_exact_and_grapheme_safe ... ok
test shaping::brain_dump::dogfood_tests::model_prefix_is_removed_without_touching_originals_and_modified_keys_do_not_discard ... ok
test shaping::brain_dump::board_tests::historical_latest_shape_rejections_replay_without_becoming_new_live_attempts ... ok
test shaping::brain_dump::dogfood_tests::rejected_schema_attempt_is_readable_lossless_and_never_promoted ... ok
test shaping::brain_dump::board_tests::local_history_and_scope_identity_cannot_be_replaced_by_model_output ... ok
test shaping::brain_dump::board_tests::counts_word_lengths_labels_and_question_punctuation_are_not_boundary_rules ... ok
test shaping::brain_dump::dogfood_tests::undone_skip_survives_a_later_model_result_without_mutating_model_questions ... ok
test shaping::brain_dump::goal_tests::answered_scope_accepts_reading_lengths_and_counts_without_manufactured_options ... ok
test shaping::brain_dump::dogfood_tests::whole_board_coverage_records_candidate_location_and_never_requires_goal_overlap ... ok
test shaping::brain_dump::goal_tests::confirmation_is_unavailable_for_practice_pending_sources_or_unsent_text ... ok
test shaping::brain_dump::dogfood_tests::f_keys_keep_aliases_modes_originals_copy_skip_undo_and_exit_guard ... ok
test shaping::brain_dump::help_exit_tests::empty_and_confirmed_exit_immediately_but_pending_durable_handoff_waits ... ok
test shaping::brain_dump::goal_tests::empty_questions_show_review_route_but_never_confirm_and_missing_helper_preserves_source ... ok
test shaping::brain_dump::board_tests::extra_readings_are_retained_in_details_and_notes_in_the_goal_review ... ok
test shaping::brain_dump::goal_tests::meaning_findings_are_log_only_and_bad_evidence_never_gains_authority ... ok
test shaping::brain_dump::tests::annotations_match_exact_occurrences_and_do_not_cut_unicode_graphemes ... ok
test shaping::brain_dump::goal_tests::literal_scope_and_checkpoint_terms_are_supported_without_promoting_candidates ... ok
test shaping::brain_dump::goal_tests::unviewed_long_review_cannot_be_affirmed_and_skipped_questions_remain_visible ... ok
test shaping::brain_dump::tests::bad_span_keeps_the_previous_reading_and_originals_without_fallback ... ok
test shaping::brain_dump::help_exit_tests::help_leads_with_context_groups_actions_and_keeps_internals_on_second_page ... ok
test shaping::brain_dump::dogfood_tests::failure_help_names_only_real_actions_and_exposes_reason_without_confirmation ... ok
test shaping::brain_dump::tests::answered_ids_and_equivalent_text_with_new_ids_never_regain_focus ... ok
test shaping::brain_dump::help_exit_tests::exit_guard_keeps_unsent_original_reply_and_frozen_review_until_explicit_leave ... ok
test shaping::brain_dump::tests::actual_drag_keeps_exact_words_and_layout_on_the_next_submit ... ok
test shaping::brain_dump::tests::boundary_keeps_fact_and_history_guards_but_accepts_uncited_and_extra_readings ... ok
test shaping::brain_dump::tests::deliberate_keyboard_extraction_is_exact_linked_and_has_no_provider_side_effect ... ok
test shaping::brain_dump::tests::paraphrase_advice_is_logged_without_withholding_or_authorizing ... ok
test shaping::brain_dump::dogfood_tests::skipping_scope_does_not_include_added_words_in_later_model_context_or_confirm_them ... ok
test shaping::brain_dump::tests::originals_label_exists_once_only_after_source_submit_and_unmarked_words_are_neutral ... ok
test shaping::brain_dump::dogfood_tests::added_words_are_visible_unresolved_and_not_sent_until_scope_answer ... ok
test shaping::brain_dump::tests::failure_retry_skip_no_implicit_confirmation_or_new_note_edit_trap ... ok
test shaping::brain_dump::tests::details_are_accessible_without_stealing_literal_answer_text_or_focus ... ok
test shaping::brain_dump::goal_tests::goal_review_lists_unresolved_questions_and_requires_distinct_full_review_affirmation ... ok
test shaping::brain_dump::tests::simulated_is_explicit_and_never_an_automatic_real_failure_fallback ... ok
test shaping::brain_dump::tests::clipping_is_visible_and_original_is_one_action_away ... ok
test shaping::brain_dump::yohaku_tests::evidence_labels_are_plain_and_leave_source_bytes_untouched ... ok
test shaping::brain_dump::tests::reply_label_is_stable_and_empty_chrome_is_hidden ... ok
test shaping::brain_dump::tests::unresolved_roles_can_overlap_and_long_readings_do_not_veto_a_board ... ok
test shaping::brain_dump::tests::unchanged_reading_records_the_answer_without_claiming_a_wording_change ... ok
test shaping::brain_dump::tests::typing_during_request_is_never_replaced_by_the_result ... ok
test shaping::brain_dump::dogfood_tests::encoded_cap_counts_metadata_keeps_unsent_words_and_near_cap_is_visible ... ok
test shaping::brain_dump::yohaku_tests::literal_question_mark_and_corner_help_preserve_local_typing_and_review ... ok
test shaping::brain_dump::yohaku_tests::full_failure_reason_is_accessible_and_never_promotes_a_rejected_reading ... ok
test shaping::brain_dump::tests::annotation_styles_are_on_the_exact_source_cells_not_on_reworded_cards ... ok
test shaping::brain_dump::dogfood_tests::optional_bar_uses_reserved_row_without_moving_source_review_or_receipt ... ok
test shaping::brain_dump::yohaku_tests::long_receipt_path_is_scrollable_without_hiding_the_next_action ... ok
test shaping::brain_dump::tests::both_is_an_answer_with_a_visible_update_and_full_settled_question ... ok
test shaping::brain_dump::tests::selective_sparse_reading_highlights_sources_without_renaming_or_recolouring_words ... ok
test shaping::brain_dump::tests::board_process_uses_only_shaping_guidance_and_disabled_resources ... ok
test shaping::brain_dump::tests::silent_entry_intact_sources_and_deliberate_extractions_survive_answer_and_layout ... ok
test shaping::brain_dump::yohaku_tests::one_help_control_and_stable_original_across_review_help_and_receipt ... ok
test shaping::brain_dump::yohaku_tests::background_advice_does_not_delay_display_help_or_local_typing_and_is_owned ... ok
test shaping::brain_dump::help_exit_tests::concern_loss_is_logged_not_silently_repaired_or_declared_faithful ... ok
test shaping::brain_dump::help_exit_tests::source_wrap_positions_header_and_scroll_survive_review_and_resize ... ok
test shaping::brain_dump::yohaku_tests::one_shape_then_one_log_only_audit_never_auto_repairs_or_withholds ... ok

test result: ok. 58 passed; 0 failed; 0 ignored; 0 measured; 36 filtered out; finished in 0.91s

   Compiling proc-macro2 v1.0.107
   Compiling unicode-ident v1.0.26
   Compiling quote v1.0.47
   Compiling libc v0.2.190
   Compiling cfg-if v1.0.5
   Compiling unicode-segmentation v1.13.3
   Compiling rustversion v1.0.23
   Compiling allocator-api2 v0.2.21
   Compiling bitflags v2.13.2
   Compiling foldhash v0.2.0
   Compiling equivalent v1.0.2
   Compiling ident_case v1.0.1
   Compiling thiserror v2.0.21
   Compiling strsim v0.11.1
   Compiling heck v0.5.0
   Compiling itoa v1.0.18
   Compiling either v1.19.0
   Compiling signal-hook v0.3.18
   Compiling static_assertions v1.1.0
   Compiling rustix v1.1.5
   Compiling ryu v1.0.23
   Compiling unicode-width v0.2.2
   Compiling parking_lot_core v0.9.12
   Compiling itertools v0.14.0
   Compiling hashbrown v0.16.1
   Compiling hashbrown v0.17.1
   Compiling convert_case v0.10.0
   Compiling smallvec v1.16.2
   Compiling log v0.4.34
   Compiling scopeguard v1.2.0
   Compiling indoc v2.0.7
   Compiling critical-section v1.2.0
   Compiling lock_api v0.4.14
   Compiling time-core v0.1.9
   Compiling num-conv v0.2.2
   Compiling powerfmt v0.2.1
   Compiling deranged v0.5.8
   Compiling litrs v1.0.0
   Compiling line-clipping v0.3.8
   Compiling memchr v2.8.3
   Compiling serde_core v1.0.229
   Compiling base64 v0.22.1
   Compiling getrandom v0.4.3
   Compiling zmij v1.0.23
   Compiling serde_json v1.0.151
   Compiling anyhow v1.0.104
   Compiling lru v0.18.5
   Compiling serde v1.0.229
   Compiling regex-syntax v0.8.11
   Compiling fastrand v2.5.0
   Compiling aho-corasick v1.1.5
   Compiling castaway v0.2.4
   Compiling document-features v0.2.12
   Compiling once_cell v1.21.4
   Compiling compact_str v0.9.1
   Compiling syn v3.0.6
   Compiling syn v2.0.119
   Compiling errno v0.3.14
   Compiling mio v1.2.4
   Compiling num_threads v0.1.7
   Compiling time v0.3.55
   Compiling signal-hook-registry v1.4.8
   Compiling uuid v1.27.0
   Compiling parking_lot v0.12.5
   Compiling unicode-truncate v2.0.1
   Compiling signal-hook-mio v0.2.5
   Compiling regex-automata v0.4.18
   Compiling tempfile v3.27.0
   Compiling strum_macros v0.28.0
   Compiling derive_more-impl v2.1.1
   Compiling derive_more v2.1.1
   Compiling crossterm v0.29.0
   Compiling darling_core v0.24.1
   Compiling strum v0.28.0
   Compiling regex v1.13.1
   Compiling thiserror-impl v2.0.21
   Compiling serde_derive v1.0.229
   Compiling kasuari v0.4.12
   Compiling darling_macro v0.24.1
   Compiling ratatui-core v0.1.2
   Compiling darling v0.24.1
   Compiling instability v0.3.14
   Compiling ratatui-widgets v0.3.2
   Compiling ratatui-crossterm v0.1.2
   Compiling ratatui-macros v0.7.2
   Compiling ratatui-textarea v0.9.3
   Compiling ratatui v0.30.2
   Compiling pinstar v1.0.0 (/private/var/folders/sk/r2ns7lvn2ygcsj7bhd0mvnyw0000gn/T/tinkery-TEST-subtraction-removals-ar98kksx/vendor/pinstar)
   Compiling tinkery v0.1.0 (/private/var/folders/sk/r2ns7lvn2ygcsj7bhd0mvnyw0000gn/T/tinkery-TEST-subtraction-removals-ar98kksx)
    Finished `test` profile [unoptimized + debuginfo] target(s) in 9.07s
     Running unittests src/lib.rs (/Users/jondev/dev/active/tinkery/target/subtraction-removals/debug/deps/tinkery-23622fe9a6aabf91)
