
running 1 test
test shaping::brain_dump::board_tests::omissions_extras_and_narrative_notes_never_fabricate_citations_or_authority ... FAILED

failures:

---- shaping::brain_dump::board_tests::omissions_extras_and_narrative_notes_never_fabricate_citations_or_authority stdout ----

thread 'shaping::brain_dump::board_tests::omissions_extras_and_narrative_notes_never_fabricate_citations_or_authority' (60747187) panicked at src/shaping/brain_dump/board_tests.rs:21:49:
called `Result::unwrap()` on an `Err` value: "Restored narrative-note veto"
note: run with `RUST_BACKTRACE=1` environment variable to display a backtrace


failures:
    shaping::brain_dump::board_tests::omissions_extras_and_narrative_notes_never_fabricate_citations_or_authority

test result: FAILED. 0 passed; 1 failed; 0 ignored; 0 measured; 93 filtered out; finished in 0.00s

   Compiling tinkery v0.1.0 (/private/var/folders/sk/r2ns7lvn2ygcsj7bhd0mvnyw0000gn/T/tinkery-TEST-subtraction-removals-ar98kksx)
warning: variable does not need to be mutable
   --> src/shaping/brain_dump/board.rs:326:9
    |
326 |     let mut unresolved_notes = vec![];
    |         ----^^^^^^^^^^^^^^^^
    |         |
    |         help: remove this `mut`
    |
    = note: `#[warn(unused_mut)]` (part of `#[warn(unused)]`) on by default

warning: `tinkery` (lib test) generated 1 warning (run `cargo fix --lib -p tinkery --tests` to apply 1 suggestion)
    Finished `test` profile [unoptimized + debuginfo] target(s) in 0.89s
     Running unittests src/lib.rs (/Users/jondev/dev/active/tinkery/target/subtraction-removals/debug/deps/tinkery-23622fe9a6aabf91)
error: test failed, to rerun pass `--lib`
