
running 1 test
test shaping::brain_dump::help_exit_tests::source_wrap_positions_header_and_scroll_survive_review_and_resize ... FAILED

failures:

---- shaping::brain_dump::help_exit_tests::source_wrap_positions_header_and_scroll_survive_review_and_resize stdout ----

thread 'shaping::brain_dump::help_exit_tests::source_wrap_positions_header_and_scroll_survive_review_and_resize' (60752980) panicked at src/shaping/brain_dump/help_exit_tests.rs:264:13:
assertion `left == right` failed
  left: " "
 right: "t"
note: run with `RUST_BACKTRACE=1` environment variable to display a backtrace


failures:
    shaping::brain_dump::help_exit_tests::source_wrap_positions_header_and_scroll_survive_review_and_resize

test result: FAILED. 0 passed; 1 failed; 0 ignored; 0 measured; 93 filtered out; finished in 0.04s

   Compiling tinkery v0.1.0 (/private/var/folders/sk/r2ns7lvn2ygcsj7bhd0mvnyw0000gn/T/tinkery-TEST-subtraction-removals-ar98kksx)
warning: function `render_header` is never used
   --> src/shaping/brain_dump/yohaku.rs:369:15
    |
369 | pub(super) fn render_header(frame: &mut Frame, palette: Palette) {
    |               ^^^^^^^^^^^^^
    |
    = note: `#[warn(dead_code)]` (part of `#[warn(unused)]`) on by default

warning: `tinkery` (lib test) generated 1 warning
    Finished `test` profile [unoptimized + debuginfo] target(s) in 0.66s
     Running unittests src/lib.rs (/Users/jondev/dev/active/tinkery/target/subtraction-removals/debug/deps/tinkery-23622fe9a6aabf91)
error: test failed, to rerun pass `--lib`
