
running 6 tests
test shaping::brain_dump::goal_tests::confirmation_is_unavailable_for_practice_pending_sources_or_unsent_text ... ok
test shaping::brain_dump::goal_tests::answered_scope_requires_one_combined_reading_and_allows_no_manufactured_options ... ok
test shaping::brain_dump::goal_tests::meaning_audit_rejects_literal_noun_loss_false_choices_and_bad_evidence ... ok
test shaping::brain_dump::goal_tests::unviewed_long_review_cannot_be_affirmed_and_skipped_questions_remain_visible ... ok
test shaping::brain_dump::goal_tests::empty_questions_show_review_route_but_never_confirm_and_missing_helper_preserves_source ... ok
test shaping::brain_dump::goal_tests::goal_review_lists_unresolved_questions_and_requires_distinct_full_review_affirmation ... ok

test result: ok. 6 passed; 0 failed; 0 ignored; 0 measured; 57 filtered out; finished in 0.02s

   Compiling proc-macro2 v1.0.107
   Compiling unicode-ident v1.0.26
   Compiling quote v1.0.47
   Compiling libc v0.2.190
   Compiling cfg-if v1.0.5
   Compiling unicode-segmentation v1.13.3
   Compiling foldhash v0.2.0
   Compiling equivalent v1.0.2
   Compiling bitflags v2.13.2
   Compiling allocator-api2 v0.2.21
   Compiling rustversion v1.0.23
   Compiling ident_case v1.0.1
   Compiling strsim v0.11.1
   Compiling thiserror v2.0.21
   Compiling either v1.19.0
   Compiling itoa v1.0.18
   Compiling heck v0.5.0
   Compiling ryu v1.0.23
   Compiling signal-hook v0.3.18
   Compiling itertools v0.14.0
   Compiling rustix v1.1.5
   Compiling parking_lot_core v0.9.12
   Compiling static_assertions v1.1.0
   Compiling hashbrown v0.17.1
   Compiling hashbrown v0.16.1
   Compiling unicode-width v0.2.2
   Compiling convert_case v0.10.0
   Compiling scopeguard v1.2.0
   Compiling log v0.4.34
   Compiling smallvec v1.16.2
   Compiling indoc v2.0.7
   Compiling critical-section v1.2.0
   Compiling lock_api v0.4.14
   Compiling num-conv v0.2.2
   Compiling powerfmt v0.2.1
   Compiling time-core v0.1.9
   Compiling litrs v1.0.0
   Compiling deranged v0.5.8
   Compiling line-clipping v0.3.8
   Compiling getrandom v0.4.3
   Compiling base64 v0.22.1
   Compiling memchr v2.8.3
   Compiling serde_core v1.0.229
   Compiling lru v0.18.5
   Compiling zmij v1.0.23
   Compiling anyhow v1.0.104
   Compiling serde v1.0.229
   Compiling serde_json v1.0.151
   Compiling regex-syntax v0.8.11
   Compiling fastrand v2.5.0
   Compiling document-features v0.2.12
   Compiling once_cell v1.21.4
   Compiling aho-corasick v1.1.5
   Compiling castaway v0.2.4
   Compiling errno v0.3.14
   Compiling unicode-truncate v2.0.1
   Compiling num_threads v0.1.7
   Compiling mio v1.2.4
   Compiling syn v3.0.6
   Compiling syn v2.0.119
   Compiling compact_str v0.9.1
   Compiling signal-hook-registry v1.4.8
   Compiling time v0.3.55
   Compiling uuid v1.27.0
   Compiling parking_lot v0.12.5
   Compiling signal-hook-mio v0.2.5
   Compiling regex-automata v0.4.18
   Compiling tempfile v3.27.0
   Compiling strum_macros v0.28.0
   Compiling derive_more-impl v2.1.1
   Compiling derive_more v2.1.1
   Compiling crossterm v0.29.0
   Compiling darling_core v0.24.1
   Compiling strum v0.28.0
   Compiling regex v1.13.1
   Compiling thiserror-impl v2.0.21
   Compiling serde_derive v1.0.229
   Compiling kasuari v0.4.12
   Compiling ratatui-core v0.1.2
   Compiling darling_macro v0.24.1
   Compiling darling v0.24.1
   Compiling instability v0.3.14
   Compiling ratatui-widgets v0.3.2
   Compiling ratatui-crossterm v0.1.2
   Compiling ratatui-macros v0.7.2
   Compiling ratatui-textarea v0.9.3
   Compiling ratatui v0.30.2
   Compiling pinstar v1.0.0 (/private/var/folders/sk/r2ns7lvn2ygcsj7bhd0mvnyw0000gn/T/tinkery-goal-removals-6oypoo4v/vendor/pinstar)
   Compiling tinkery v0.1.0 (/private/var/folders/sk/r2ns7lvn2ygcsj7bhd0mvnyw0000gn/T/tinkery-goal-removals-6oypoo4v)
    Finished `test` profile [unoptimized + debuginfo] target(s) in 6.05s
     Running unittests src/lib.rs (/Users/jondev/dev/active/tinkery/target/goal-removals/debug/deps/tinkery-23622fe9a6aabf91)

Traceback (most recent call last):
  File "/tmp/tinkery-goal-removals.py", line 25, in <module>
    assert original[file].count(old)==1,(name,'finder mismatch')
           ^^^^^^^^^^^^^^^^^^^^^^^^^^^^
AssertionError: ('implicit-enter', 'finder mismatch')
