
running 6 tests
test shaping::brain_dump::goal_tests::confirmation_is_unavailable_for_practice_pending_sources_or_unsent_text ... ok
test shaping::brain_dump::goal_tests::answered_scope_requires_one_combined_reading_and_allows_no_manufactured_options ... ok
test shaping::brain_dump::goal_tests::meaning_audit_rejects_literal_noun_loss_false_choices_and_bad_evidence ... ok
test shaping::brain_dump::goal_tests::unviewed_long_review_cannot_be_affirmed_and_skipped_questions_remain_visible ... ok
test shaping::brain_dump::goal_tests::empty_questions_show_review_route_but_never_confirm_and_missing_helper_preserves_source ... ok
test shaping::brain_dump::goal_tests::goal_review_lists_unresolved_questions_and_requires_distinct_full_review_affirmation ... ok

test result: ok. 6 passed; 0 failed; 0 ignored; 0 measured; 57 filtered out; finished in 0.02s

   Compiling tinkery v0.1.0 (/private/var/folders/sk/r2ns7lvn2ygcsj7bhd0mvnyw0000gn/T/tinkery-goal-removals-d14x6nx3)
    Finished `test` profile [unoptimized + debuginfo] target(s) in 1.78s
     Running unittests src/lib.rs (/Users/jondev/dev/active/tinkery/target/goal-removals/debug/deps/tinkery-23622fe9a6aabf91)


running 1 test
test shaping::brain_dump::goal_tests::goal_review_lists_unresolved_questions_and_requires_distinct_full_review_affirmation ... FAILED

failures:

---- shaping::brain_dump::goal_tests::goal_review_lists_unresolved_questions_and_requires_distinct_full_review_affirmation stdout ----

thread 'shaping::brain_dump::goal_tests::goal_review_lists_unresolved_questions_and_requires_distinct_full_review_affirmation' (58920242) panicked at src/shaping/brain_dump/goal_tests.rs:38:9:
Opening review/Enter/F2 affirmed implicitly
note: run with `RUST_BACKTRACE=1` environment variable to display a backtrace


failures:
    shaping::brain_dump::goal_tests::goal_review_lists_unresolved_questions_and_requires_distinct_full_review_affirmation

test result: FAILED. 0 passed; 1 failed; 0 ignored; 0 measured; 62 filtered out; finished in 0.01s

   Compiling tinkery v0.1.0 (/private/var/folders/sk/r2ns7lvn2ygcsj7bhd0mvnyw0000gn/T/tinkery-goal-removals-d14x6nx3)
    Finished `test` profile [unoptimized + debuginfo] target(s) in 0.42s
     Running unittests src/lib.rs (/Users/jondev/dev/active/tinkery/target/goal-removals/debug/deps/tinkery-23622fe9a6aabf91)
error: test failed, to rerun pass `--lib`

PROVEN: implicit-enter

running 1 test
test shaping::brain_dump::goal_tests::goal_review_lists_unresolved_questions_and_requires_distinct_full_review_affirmation ... FAILED

failures:

---- shaping::brain_dump::goal_tests::goal_review_lists_unresolved_questions_and_requires_distinct_full_review_affirmation stdout ----

thread 'shaping::brain_dump::goal_tests::goal_review_lists_unresolved_questions_and_requires_distinct_full_review_affirmation' (58920603) panicked at src/shaping/brain_dump/goal_tests.rs:34:9:
assertion failed: text.contains(&q)
note: run with `RUST_BACKTRACE=1` environment variable to display a backtrace


failures:
    shaping::brain_dump::goal_tests::goal_review_lists_unresolved_questions_and_requires_distinct_full_review_affirmation

test result: FAILED. 0 passed; 1 failed; 0 ignored; 0 measured; 62 filtered out; finished in 0.01s

   Compiling tinkery v0.1.0 (/private/var/folders/sk/r2ns7lvn2ygcsj7bhd0mvnyw0000gn/T/tinkery-goal-removals-d14x6nx3)
    Finished `test` profile [unoptimized + debuginfo] target(s) in 0.54s
     Running unittests src/lib.rs (/Users/jondev/dev/active/tinkery/target/goal-removals/debug/deps/tinkery-23622fe9a6aabf91)
error: test failed, to rerun pass `--lib`

PROVEN: omit-open-questions

running 1 test
test shaping::brain_dump::goal_tests::unviewed_long_review_cannot_be_affirmed_and_skipped_questions_remain_visible ... FAILED

failures:

---- shaping::brain_dump::goal_tests::unviewed_long_review_cannot_be_affirmed_and_skipped_questions_remain_visible stdout ----

thread 'shaping::brain_dump::goal_tests::unviewed_long_review_cannot_be_affirmed_and_skipped_questions_remain_visible' (58920954) panicked at src/shaping/brain_dump/goal_tests.rs:154:5:
assertion failed: a.handoff_job.is_none()
note: run with `RUST_BACKTRACE=1` environment variable to display a backtrace


failures:
    shaping::brain_dump::goal_tests::unviewed_long_review_cannot_be_affirmed_and_skipped_questions_remain_visible

test result: FAILED. 0 passed; 1 failed; 0 ignored; 0 measured; 62 filtered out; finished in 0.01s

   Compiling tinkery v0.1.0 (/private/var/folders/sk/r2ns7lvn2ygcsj7bhd0mvnyw0000gn/T/tinkery-goal-removals-d14x6nx3)
    Finished `test` profile [unoptimized + debuginfo] target(s) in 0.53s
     Running unittests src/lib.rs (/Users/jondev/dev/active/tinkery/target/goal-removals/debug/deps/tinkery-23622fe9a6aabf91)
error: test failed, to rerun pass `--lib`

PROVEN: allow-unseen-questions

running 1 test
test shaping::brain_dump::goal_tests::confirmation_is_unavailable_for_practice_pending_sources_or_unsent_text ... FAILED

failures:

---- shaping::brain_dump::goal_tests::confirmation_is_unavailable_for_practice_pending_sources_or_unsent_text stdout ----

thread 'shaping::brain_dump::goal_tests::confirmation_is_unavailable_for_practice_pending_sources_or_unsent_text' (58921308) panicked at src/shaping/brain_dump/goal_tests.rs:57:5:
assertion failed: a.goal_review.is_none()
note: run with `RUST_BACKTRACE=1` environment variable to display a backtrace


failures:
    shaping::brain_dump::goal_tests::confirmation_is_unavailable_for_practice_pending_sources_or_unsent_text

test result: FAILED. 0 passed; 1 failed; 0 ignored; 0 measured; 62 filtered out; finished in 0.00s

   Compiling tinkery v0.1.0 (/private/var/folders/sk/r2ns7lvn2ygcsj7bhd0mvnyw0000gn/T/tinkery-goal-removals-d14x6nx3)
    Finished `test` profile [unoptimized + debuginfo] target(s) in 0.41s
     Running unittests src/lib.rs (/Users/jondev/dev/active/tinkery/target/goal-removals/debug/deps/tinkery-23622fe9a6aabf91)
error: test failed, to rerun pass `--lib`

PROVEN: allow-ambiguous-local-text

running 1 test
test shaping::brain_dump::goal_tests::meaning_audit_rejects_literal_noun_loss_false_choices_and_bad_evidence ... FAILED

failures:

---- shaping::brain_dump::goal_tests::meaning_audit_rejects_literal_noun_loss_false_choices_and_bad_evidence stdout ----

thread 'shaping::brain_dump::goal_tests::meaning_audit_rejects_literal_noun_loss_false_choices_and_bad_evidence' (58921658) panicked at src/shaping/brain_dump/goal_tests.rs:171:142:
called `Result::unwrap_err()` on an `Ok` value: ()
note: run with `RUST_BACKTRACE=1` environment variable to display a backtrace


failures:
    shaping::brain_dump::goal_tests::meaning_audit_rejects_literal_noun_loss_false_choices_and_bad_evidence

test result: FAILED. 0 passed; 1 failed; 0 ignored; 0 measured; 62 filtered out; finished in 0.00s

   Compiling tinkery v0.1.0 (/private/var/folders/sk/r2ns7lvn2ygcsj7bhd0mvnyw0000gn/T/tinkery-goal-removals-d14x6nx3)
warning: field `false_choice` is never read
 --> src/shaping/brain_dump/meaning_check.rs:6:5
  |
4 | struct Verdict {
  |        ------- field in this struct
5 |     missing: Vec<Anchor>,
6 |     false_choice: bool,
  |     ^^^^^^^^^^^^
  |
  = note: `#[warn(dead_code)]` (part of `#[warn(unused)]`) on by default

warning: `tinkery` (lib test) generated 1 warning
    Finished `test` profile [unoptimized + debuginfo] target(s) in 0.55s
     Running unittests src/lib.rs (/Users/jondev/dev/active/tinkery/target/goal-removals/debug/deps/tinkery-23622fe9a6aabf91)
error: test failed, to rerun pass `--lib`

PROVEN: permit-false-fork

running 1 test
test shaping::brain_dump::goal_tests::meaning_audit_rejects_literal_noun_loss_false_choices_and_bad_evidence ... FAILED

failures:

---- shaping::brain_dump::goal_tests::meaning_audit_rejects_literal_noun_loss_false_choices_and_bad_evidence stdout ----

thread 'shaping::brain_dump::goal_tests::meaning_audit_rejects_literal_noun_loss_false_choices_and_bad_evidence' (58922013) panicked at src/shaping/brain_dump/goal_tests.rs:198:5:
assertion failed: a.goal_review.is_none()
note: run with `RUST_BACKTRACE=1` environment variable to display a backtrace


failures:
    shaping::brain_dump::goal_tests::meaning_audit_rejects_literal_noun_loss_false_choices_and_bad_evidence

test result: FAILED. 0 passed; 1 failed; 0 ignored; 0 measured; 62 filtered out; finished in 0.00s

   Compiling tinkery v0.1.0 (/private/var/folders/sk/r2ns7lvn2ygcsj7bhd0mvnyw0000gn/T/tinkery-goal-removals-d14x6nx3)
    Finished `test` profile [unoptimized + debuginfo] target(s) in 0.54s
     Running unittests src/lib.rs (/Users/jondev/dev/active/tinkery/target/goal-removals/debug/deps/tinkery-23622fe9a6aabf91)
error: test failed, to rerun pass `--lib`

PROVEN: omit-literal-acronym-gate

running 1 test
test shaping::brain_dump::goal_tests::answered_scope_requires_one_combined_reading_and_allows_no_manufactured_options ... FAILED

failures:

---- shaping::brain_dump::goal_tests::answered_scope_requires_one_combined_reading_and_allows_no_manufactured_options stdout ----

thread 'shaping::brain_dump::goal_tests::answered_scope_requires_one_combined_reading_and_allows_no_manufactured_options' (58922364) panicked at src/shaping/brain_dump/goal_tests.rs:127:5:
assertion failed: g.validate(&r).is_err()
note: run with `RUST_BACKTRACE=1` environment variable to display a backtrace


failures:
    shaping::brain_dump::goal_tests::answered_scope_requires_one_combined_reading_and_allows_no_manufactured_options

test result: FAILED. 0 passed; 1 failed; 0 ignored; 0 measured; 62 filtered out; finished in 0.00s

   Compiling tinkery v0.1.0 (/private/var/folders/sk/r2ns7lvn2ygcsj7bhd0mvnyw0000gn/T/tinkery-goal-removals-d14x6nx3)
    Finished `test` profile [unoptimized + debuginfo] target(s) in 0.47s
     Running unittests src/lib.rs (/Users/jondev/dev/active/tinkery/target/goal-removals/debug/deps/tinkery-23622fe9a6aabf91)
error: test failed, to rerun pass `--lib`

PROVEN: keep-two-after-answer
PASS: seven baseline-verified independent removals, isolated source: /var/folders/sk/r2ns7lvn2ygcsj7bhd0mvnyw0000gn/T/tinkery-goal-removals-d14x6nx3
