
running 1 test
test shaping::brain_dump::revision2_tests::repeated_subjects_and_uncited_supports_are_not_fabricated_citations ... FAILED

failures:

---- shaping::brain_dump::revision2_tests::repeated_subjects_and_uncited_supports_are_not_fabricated_citations stdout ----

thread 'shaping::brain_dump::revision2_tests::repeated_subjects_and_uncited_supports_are_not_fabricated_citations' (62500865) panicked at src/shaping/brain_dump/revision2_tests.rs:54:5:
assertion `left == right` failed
  left: Some("New users new users return.")
 right: Some("New users return.")
note: run with `RUST_BACKTRACE=1` environment variable to display a backtrace


failures:
    shaping::brain_dump::revision2_tests::repeated_subjects_and_uncited_supports_are_not_fabricated_citations

test result: FAILED. 0 passed; 1 failed; 0 ignored; 0 measured; 130 filtered out; finished in 0.00s

   Compiling tinkery v0.1.0 (/private/var/folders/sk/r2ns7lvn2ygcsj7bhd0mvnyw0000gn/T/tinkery-TEST-C16-revised-probes-syw_25f3/repo)
warning: unused variable: `prefix`
   --> src/shaping/brain_dump/goal.rs:156:27
    |
156 |             .is_some_and(|prefix| false)
    |                           ^^^^^^ help: if this is intentional, prefix it with an underscore: `_prefix`
    |
    = note: `#[warn(unused_variables)]` (part of `#[warn(unused)]`) on by default

warning: `tinkery` (lib test) generated 1 warning (run `cargo fix --lib -p tinkery --tests` to apply 1 suggestion)
    Finished `test` profile [unoptimized + debuginfo] target(s) in 0.55s
     Running unittests src/lib.rs (/var/folders/sk/r2ns7lvn2ygcsj7bhd0mvnyw0000gn/T/tinkery-TEST-C16-revised-probes-syw_25f3/target/debug/deps/tinkery-57634f1bcdbf9627)
error: test failed, to rerun pass `--lib`
